// Jest Snapshot v1, https://goo.gl/fbAQLP

exports[`System should work correctly with escrow system 1`] = `"assertion failure with message: cant unstake this amount for account at the moment"`;

exports[`System should work correctly with escrow system 2`] = `"assertion failure with message: cant unstake this amount for account at the moment"`;

exports[`System should work correctly with escrow system 3`] = `
Array [
  Object {
    "more": false,
    "rows": Array [
      Object {
        "cpu_weight": "11999999200.0000 SNAX",
        "from": "snax.team",
        "net_weight": "2999999800.0000 SNAX",
        "to": "snax.team",
      },
    ],
  },
]
`;
